// Jest Snapshot v1, https://goo.gl/fbAQLP

exports[`Footer match snapshot 1`] = `
{
  "asFragment": [Function],
  "baseElement": <body>
    <div>
      <div
        class="css-do35vm"
      >
        <div
          class="chakra-stack css-1wrik5w"
        >
          <div
            class="chakra-stack css-j8nvvj"
          >
            <a
              href="https://instagram.com"
              target="_blank"
            >
              <a
                class="chakra-button css-1fvmww3"
              >
                <svg
                  fill="currentColor"
                  height="32"
                  viewBox="0 0 256 256"
                  width="32"
                  xmlns="http://www.w3.org/2000/svg"
                >
                  <title>
                    Instagram Logo
                  </title>
                  <path
                    d="M128,80a48,48,0,1,0,48,48A48.05,48.05,0,0,0,128,80Zm0,80a32,32,0,1,1,32-32A32,32,0,0,1,128,160ZM176,24H80A56.06,56.06,0,0,0,24,80v96a56.06,56.06,0,0,0,56,56h96a56.06,56.06,0,0,0,56-56V80A56.06,56.06,0,0,0,176,24Zm40,152a40,40,0,0,1-40,40H80a40,40,0,0,1-40-40V80A40,40,0,0,1,80,40h96a40,40,0,0,1,40,40ZM192,76a12,12,0,1,1-12-12A12,12,0,0,1,192,76Z"
                  />
                </svg>
              </a>
            </a>
            <a
              href="https://facebook.com"
              target="_blank"
            >
              <a
                class="chakra-button css-1fvmww3"
              >
                <svg
                  fill="currentColor"
                  height="32"
                  viewBox="0 0 256 256"
                  width="32"
                  xmlns="http://www.w3.org/2000/svg"
                >
                  <title>
                    Facebook Logo
                  </title>
                  <path
                    d="M128,24A104,104,0,1,0,232,128,104.11,104.11,0,0,0,128,24Zm8,191.63V152h24a8,8,0,0,0,0-16H136V112a16,16,0,0,1,16-16h16a8,8,0,0,0,0-16H152a32,32,0,0,0-32,32v24H96a8,8,0,0,0,0,16h24v63.63a88,88,0,1,1,16,0Z"
                  />
                </svg>
              </a>
            </a>
            <a
              href="https://twitter.com"
              target="_blank"
            >
              <a
                class="chakra-button css-1fvmww3"
              >
                <svg
                  fill="currentColor"
                  height="32"
                  viewBox="0 0 256 256"
                  width="32"
                  xmlns="http://www.w3.org/2000/svg"
                >
                  <title>
                    Twitter Logo
                  </title>
                  <path
                    d="M247.39,68.94A8,8,0,0,0,240,64H209.57A48.66,48.66,0,0,0,168.1,40a46.91,46.91,0,0,0-33.75,13.7A47.9,47.9,0,0,0,120,88v6.09C79.74,83.47,46.81,50.72,46.46,50.37a8,8,0,0,0-13.65,4.92c-4.31,47.79,9.57,79.77,22,98.18a110.93,110.93,0,0,0,21.88,24.2c-15.23,17.53-39.21,26.74-39.47,26.84a8,8,0,0,0-3.85,11.93c.75,1.12,3.75,5.05,11.08,8.72C53.51,229.7,65.48,232,80,232c70.67,0,129.72-54.42,135.75-124.44l29.91-29.9A8,8,0,0,0,247.39,68.94Zm-45,29.41a8,8,0,0,0-2.32,5.14C196,166.58,143.28,216,80,216c-10.56,0-18-1.4-23.22-3.08,11.51-6.25,27.56-17,37.88-32.48A8,8,0,0,0,92,169.08c-.47-.27-43.91-26.34-44-96,16,13,45.25,33.17,78.67,38.79A8,8,0,0,0,136,104V88a32,32,0,0,1,9.6-22.92A30.94,30.94,0,0,1,167.9,56c12.66.16,24.49,7.88,29.44,19.21A8,8,0,0,0,204.67,80h16Z"
                  />
                </svg>
              </a>
            </a>
          </div>
          <span>
            Made with &lt;3 in Detroit, MI
          </span>
        </div>
      </div>
    </div>
  </body>,
  "container": <div>
    <div
      class="css-do35vm"
    >
      <div
        class="chakra-stack css-1wrik5w"
      >
        <div
          class="chakra-stack css-j8nvvj"
        >
          <a
            href="https://instagram.com"
            target="_blank"
          >
            <a
              class="chakra-button css-1fvmww3"
            >
              <svg
                fill="currentColor"
                height="32"
                viewBox="0 0 256 256"
                width="32"
                xmlns="http://www.w3.org/2000/svg"
              >
                <title>
                  Instagram Logo
                </title>
                <path
                  d="M128,80a48,48,0,1,0,48,48A48.05,48.05,0,0,0,128,80Zm0,80a32,32,0,1,1,32-32A32,32,0,0,1,128,160ZM176,24H80A56.06,56.06,0,0,0,24,80v96a56.06,56.06,0,0,0,56,56h96a56.06,56.06,0,0,0,56-56V80A56.06,56.06,0,0,0,176,24Zm40,152a40,40,0,0,1-40,40H80a40,40,0,0,1-40-40V80A40,40,0,0,1,80,40h96a40,40,0,0,1,40,40ZM192,76a12,12,0,1,1-12-12A12,12,0,0,1,192,76Z"
                />
              </svg>
            </a>
          </a>
          <a
            href="https://facebook.com"
            target="_blank"
          >
            <a
              class="chakra-button css-1fvmww3"
            >
              <svg
                fill="currentColor"
                height="32"
                viewBox="0 0 256 256"
                width="32"
                xmlns="http://www.w3.org/2000/svg"
              >
                <title>
                  Facebook Logo
                </title>
                <path
                  d="M128,24A104,104,0,1,0,232,128,104.11,104.11,0,0,0,128,24Zm8,191.63V152h24a8,8,0,0,0,0-16H136V112a16,16,0,0,1,16-16h16a8,8,0,0,0,0-16H152a32,32,0,0,0-32,32v24H96a8,8,0,0,0,0,16h24v63.63a88,88,0,1,1,16,0Z"
                />
              </svg>
            </a>
          </a>
          <a
            href="https://twitter.com"
            target="_blank"
          >
            <a
              class="chakra-button css-1fvmww3"
            >
              <svg
                fill="currentColor"
                height="32"
                viewBox="0 0 256 256"
                width="32"
                xmlns="http://www.w3.org/2000/svg"
              >
                <title>
                  Twitter Logo
                </title>
                <path
                  d="M247.39,68.94A8,8,0,0,0,240,64H209.57A48.66,48.66,0,0,0,168.1,40a46.91,46.91,0,0,0-33.75,13.7A47.9,47.9,0,0,0,120,88v6.09C79.74,83.47,46.81,50.72,46.46,50.37a8,8,0,0,0-13.65,4.92c-4.31,47.79,9.57,79.77,22,98.18a110.93,110.93,0,0,0,21.88,24.2c-15.23,17.53-39.21,26.74-39.47,26.84a8,8,0,0,0-3.85,11.93c.75,1.12,3.75,5.05,11.08,8.72C53.51,229.7,65.48,232,80,232c70.67,0,129.72-54.42,135.75-124.44l29.91-29.9A8,8,0,0,0,247.39,68.94Zm-45,29.41a8,8,0,0,0-2.32,5.14C196,166.58,143.28,216,80,216c-10.56,0-18-1.4-23.22-3.08,11.51-6.25,27.56-17,37.88-32.48A8,8,0,0,0,92,169.08c-.47-.27-43.91-26.34-44-96,16,13,45.25,33.17,78.67,38.79A8,8,0,0,0,136,104V88a32,32,0,0,1,9.6-22.92A30.94,30.94,0,0,1,167.9,56c12.66.16,24.49,7.88,29.44,19.21A8,8,0,0,0,204.67,80h16Z"
                />
              </svg>
            </a>
          </a>
        </div>
        <span>
          Made with &lt;3 in Detroit, MI
        </span>
      </div>
    </div>
  </div>,
  "debug": [Function],
  "findAllByAltText": [Function],
  "findAllByDisplayValue": [Function],
  "findAllByLabelText": [Function],
  "findAllByPlaceholderText": [Function],
  "findAllByRole": [Function],
  "findAllByTestId": [Function],
  "findAllByText": [Function],
  "findAllByTitle": [Function],
  "findByAltText": [Function],
  "findByDisplayValue": [Function],
  "findByLabelText": [Function],
  "findByPlaceholderText": [Function],
  "findByRole": [Function],
  "findByTestId": [Function],
  "findByText": [Function],
  "findByTitle": [Function],
  "getAllByAltText": [Function],
  "getAllByDisplayValue": [Function],
  "getAllByLabelText": [Function],
  "getAllByPlaceholderText": [Function],
  "getAllByRole": [Function],
  "getAllByTestId": [Function],
  "getAllByText": [Function],
  "getAllByTitle": [Function],
  "getByAltText": [Function],
  "getByDisplayValue": [Function],
  "getByLabelText": [Function],
  "getByPlaceholderText": [Function],
  "getByRole": [Function],
  "getByTestId": [Function],
  "getByText": [Function],
  "getByTitle": [Function],
  "queryAllByAltText": [Function],
  "queryAllByDisplayValue": [Function],
  "queryAllByLabelText": [Function],
  "queryAllByPlaceholderText": [Function],
  "queryAllByRole": [Function],
  "queryAllByTestId": [Function],
  "queryAllByText": [Function],
  "queryAllByTitle": [Function],
  "queryByAltText": [Function],
  "queryByDisplayValue": [Function],
  "queryByLabelText": [Function],
  "queryByPlaceholderText": [Function],
  "queryByRole": [Function],
  "queryByTestId": [Function],
  "queryByText": [Function],
  "queryByTitle": [Function],
  "rerender": [Function],
  "unmount": [Function],
}
`;
